============================= test session starts ==============================
platform darwin -- Python 3.12.8, pytest-9.1.1, pluggy-1.6.0 -- /Users/chetanya/VS code/Open source/DocuElevate/.venv/bin/python3.12
cachedir: .pytest_cache
rootdir: /Users/chetanya/VS code/Open source/DocuElevate
configfile: pyproject.toml
plugins: mock-3.15.1, cov-7.1.0, anyio-4.14.1, timeout-2.4.0, asyncio-1.4.0
timeout: 120.0s
timeout method: signal
timeout func_only: False
asyncio: mode=Mode.STRICT, debug=False, asyncio_default_fixture_loop_scope=None, asyncio_default_test_loop_scope=function
collecting ... collected 1 item

tests/test_process_document.py::test_process_document_stores_file_id_before_session_closes ERROR [100%]

==================================== ERRORS ====================================
_ ERROR at setup of test_process_document_stores_file_id_before_session_closes _

tmp_path = PosixPath('/private/var/folders/sd/llrnpd_x5r59zwk3qzsffjt40000gn/T/pytest-of-chetanya/pytest-128/test_process_document_stores_f0')
monkeypatch = <_pytest.monkeypatch.MonkeyPatch object at 0x1172b1100>

    @pytest.fixture(autouse=True)
    def mock_settings_workdir(tmp_path, monkeypatch):
        from app.config import settings as real_settings
        monkeypatch.setattr(real_settings, "workdir", str(tmp_path))
    
    
        task_run_func = process_document.run
    
>       result = task_run_func(str(test_pdf))
                                   ^^^^^^^^
E       NameError: name 'test_pdf' is not defined

tests/test_process_document.py:1484: NameError
=============================== warnings summary ===============================
.venv/lib/python3.12/site-packages/fastapi/testclient.py:1
  /Users/chetanya/VS code/Open source/DocuElevate/.venv/lib/python3.12/site-packages/fastapi/testclient.py:1: StarletteDeprecationWarning: Using `httpx` with `starlette.testclient` is deprecated; install `httpx2` instead.
    from starlette.testclient import TestClient as TestClient  # noqa

.venv/lib/python3.12/site-packages/starlette/config.py:62
  /Users/chetanya/VS code/Open source/DocuElevate/.venv/lib/python3.12/site-packages/starlette/config.py:62: UserWarning: Config file '.env' not found.
    warnings.warn(f"Config file '{env_file}' not found.")

-- Docs: https://docs.pytest.org/en/stable/how-to/capture-warnings.html
================================ tests coverage ================================
_______________ coverage: platform darwin, python 3.12.8-final-0 _______________

Name                                                    Stmts   Miss Branch BrPart   Cover   Missing
----------------------------------------------------------------------------------------------------
app/__init__.py                                             0      0      0      0 100.00%
app/api/__init__.py                                       102      0      0      0 100.00%
app/api/admin_users.py                                    283    180     52      0  30.75%   36-39, 163, 167, 205-261, 281-282, 306-333, 355-371, 385-420, 446-467, 486-504, 510-521, 552-611, 626-647, 657-668
app/api/api_tokens.py                                     114     64     12      0  39.68%   56-59, 76, 88-94, 99, 167-192, 217-226, 239-248, 264-288, 304-321
app/api/audit_logs.py                                      32     11      0      0  65.62%   44-64, 79-82, 92-95, 105-107
app/api/automation.py                                     134     80     16      0  36.00%   56-72, 83-89, 140-142, 150-154, 182-201, 214-225, 231-232, 248-255, 266, 287-323
app/api/azure.py                                           52     40     10      0  19.35%   30-114
app/api/backup.py                                         101     77     22      0  19.51%   30-33, 51-52, 80-86, 96-104, 127-222, 232-244, 250-253
app/api/billing.py                                        252    200     74      0  15.95%   46-48, 70-84, 115-175, 191-216, 232-256, 263, 273-275, 294-341, 371-462, 472-489, 502-503, 516-524, 534-552, 562-598, 608-618
app/api/classification_rules.py                           133     69     24      0  40.76%   42-45, 50-54, 115, 122, 148-155, 179-218, 235-244, 264-290, 310-325
app/api/comments.py                                       267    216     92      0  14.21%   54, 66-72, 94, 123-138, 160-175, 209-306, 333-372, 388-410, 434-454, 475-493, 534-596, 629-686, 700-724, 743-745
app/api/common.py                                          20     13      4      0  29.17%   37-64
app/api/compliance.py                                      95     25     14      0  64.22%   43-46, 137, 143-147, 157-168, 174-177, 183
app/api/database.py                                        68     31      8      0  48.68%   30-33, 76, 85-100, 106-107, 113-114, 124-125, 134-135, 147-170
app/api/diagnostic.py                                      89     67      8      0  22.68%   42, 58-83, 128-169, 176-220
app/api/dropbox.py                                        208    170     76      0  13.38%   29-32, 45-47, 60-78, 94-116, 140-154, 174-212, 224-309, 325-392, 411-488
app/api/duplicates.py                                      63     45     18      0  22.22%   66-111, 168-209, 223-225
app/api/files.py                                          916    811    294      0   8.68%   62, 72-84, 89-110, 115-117, 171-290, 308-310, 320-352, 378-421, 433-485, 494-558, 569-639, 646-703, 710-770, 782-850, 865-904, 923-972, 985-992, 1014-1154, 1188-1309, 1330-1391, 1412-1473, 1478-1503, 1513-1538, 1550-1731, 1754-1779, 1791-1819, 1838-1872, 1909-1968
app/api/google_drive.py                                   230    199     82      0   9.94%   28-31, 52-66, 87-138, 151-266, 277-352, 357-372, 389-502
app/api/graphql_api.py                                    186     95     36      0  40.99%   110, 126, 138-139, 153, 163, 210-212, 217-219, 224-225, 234-239, 264-284, 289-302, 313-332, 337-350, 364-378, 388-395, 400-404, 419-424
app/api/i18n.py                                            58     29     14      0  40.28%   63-64, 85-110, 118-136
app/api/imap_accounts.py                                  152     89     38      0  33.16%   35-38, 59-70, 75-88, 162, 188-189, 201-224, 230-235, 247-286, 292-305, 311-317, 327, 333-338
app/api/imap_profiles.py                                  110     71     24      0  29.10%   40-43, 82-95, 105-120, 141, 154-163, 169-187, 193-196, 208-235, 241-257
app/api/integrations.py                                   297    228     84      0  18.11%   62-65, 87-98, 109-120, 131-174, 228-229, 237-238, 255-262, 280-283, 291-300, 323-334, 352-382, 393-400, 416-444, 455-470, 486-495, 505-529, 534-574, 579-615, 620-657, 685-695, 708-733
app/api/local_auth.py                                     170    112     38      0  27.88%   99-103, 116, 122, 135, 148-149, 181-256, 265-297, 306-321, 330-345, 356-377, 386-393
app/api/logs.py                                            48     27     14      0  33.87%   57-83, 96-117, 137-158
app/api/mobile.py                                         150     92     22      0  33.72%   50-53, 134-135, 169-191, 213-260, 271-274, 292-314, 329-355
app/api/notifications.py                                  199    139     50      0  24.10%   33-36, 95-98, 103-113, 137-145, 165-170, 180-193, 202-211, 225-231, 241-257, 268-303, 313-334, 344-376, 404-414, 432-483
app/api/onboarding.py                                     121     88     24      0  22.76%   39-45, 80, 96-101, 116-133, 143-159, 169-211, 217-229, 240-253
app/api/onedrive.py                                       200    165     46      0  14.23%   29-32, 53-68, 81-195, 211-285, 293-308, 325-359, 379-435, 447-471
app/api/openai.py                                         129    105     12      0  17.02%   40-51, 60-162, 176-210, 225, 261-269, 285-326
app/api/pipelines.py                                      469    349    130      0  20.03%   223, 228-229, 235-238, 243-245, 249, 268-287, 291-302, 306, 314, 400, 427-445, 464-505, 512, 532-587, 594, 601-604, 611-615, 626-679, 691-713, 730-737, 756-810, 825-847, 870-910, 939-1003, 1029-1065, 1082-1145, 1157-1188, 1198-1203, 1252-1297
app/api/plans.py                                          157     98     16      0  34.10%   38-41, 94-100, 135-159, 170-176, 182-183, 189-192, 198-218, 224-240, 246-256, 262-273, 279-288
app/api/process.py                                        101     62     30      0  29.77%   31-37, 44-48, 55-59, 66-70, 77-81, 88-92, 99-105, 117-163
app/api/profile.py                                        173    115     42      0  26.98%   56-62, 67-71, 76-86, 140-152, 170-239, 263-298, 305-316, 327-358
app/api/qr_auth.py                                         89     35     12      0  53.47%   57-60, 130-134, 155-173, 196-204, 220-249
app/api/queue.py                                           89     69     16      0  19.05%   38-42, 51-103, 115-193, 215-232, 247-270
app/api/review_queue.py                                    21      8      2      0  56.52%   20, 48-54
app/api/routing_rules.py                                  199    133     56      0  25.88%   47-52, 57-61, 66-68, 73-75, 80-84, 96-97, 105, 172-184, 200-256, 266, 281-320, 335-365, 372-379, 389-440, 447-468
app/api/saved_searches.py                                 109     80     34      0  20.28%   67-70, 87-96, 108, 126-133, 158-210, 239-287, 301-317
app/api/scheduled_jobs.py                                  90     40     14      0  48.08%   35-38, 249-257, 272-273, 292-317, 336-345
app/api/search.py                                          13      3      0      0  76.92%   95-111
app/api/sessions.py                                        72     32     10      0  48.78%   42-45, 95-114, 129-146, 162-193
app/api/settings.py                                       237    183     46      0  19.08%   41-44, 86-106, 122-163, 184-189, 214-245, 257-268, 286-326, 347-382, 394-418, 430-462, 486-505, 528-541, 555-561, 587-611
app/api/shared_links.py                                   198    122     50      0  30.65%   64-67, 80, 96-103, 118-129, 134-145, 154-172, 211-213, 268-305, 316-329, 343-359, 377-384, 409, 429, 434-472, 488
app/api/sharing.py                                        129    101     36      0  16.97%   33, 46-47, 71-90, 123-200, 231-262, 284-308, 330-355
app/api/similarity.py                                     132    101     32      0  18.90%   73-110, 145-161, 193-222, 261-304, 333-353, 396-451, 467
app/api/subscriptions.py                                   88     59     16      0  27.88%   62-63, 68-71, 82, 95-131, 162-177, 187-201, 207-257
app/api/system_reset.py                                    47     27      8      0  36.36%   28-31, 39-40, 62-81, 96-115, 121
app/api/translation.py                                     50     28     10      0  36.67%   34-39, 54-62, 86-148
app/api/url_upload.py                                     139    107     48      0  17.11%   45-48, 58-82, 97-110, 118-127, 159-303
app/api/user.py                                            47     27     10      0  35.09%   29-59, 65, 70, 90-97
app/api/webhooks.py                                       201    128     40      0  30.29%   39-42, 132-134, 142-146, 158, 197-249, 260-261, 273-281, 287-302, 308-341, 352-355, 361-379, 385-409, 415-426, 432
app/auth.py                                               577    510    172      3   9.35%   67-68, 88-94, 118-285, 297-298, 312-343, 356-405, 429-432, 439-485, 490-493, 504-538, 557-567, 580-598, 615-642, 666-776, 806-874, 879-989, 1014-1031, 1055-1123, 1138-1306, 1311-1345, 1349-1355, 1362-1363, 1370-1371
app/celery_app.py                                          51     35     14      0  24.62%   50-80, 91-93, 101-120
app/celery_worker.py                                       74     74      6      0   0.00%   3-244
app/cli.py                                                264    264     70      0   0.00%   21-676
app/config.py                                             477     73     60      9  77.28%   1436->1441, 1438->1437, 1440, 1448-1452, 1460-1464, 1472-1476, 1484-1485, 1493, 1495, 1502-1513, 1519-1530, 1536-1547, 1552-1558, 1571-1604
app/database.py                                           159    132     50      1  13.40%   41-42, 68-101, 115-145, 159-273, 284-309, 317-321
app/frontend.py                                             1      1      0      0   0.00%   7
app/main.py                                               206    112     32      8  42.86%   65, 81-92, 97-100, 111-126, 130-139, 155, 171-306, 353-354, 366, 388, 397, 427-437, 451-458, 468
app/middleware/__init__.py                                  2      0      0      0 100.00%
app/middleware/audit_log.py                                79     60     30      0  17.43%   71-84, 97-103, 116-132, 159-166, 179-187, 195-200, 211-220, 240-250
app/middleware/csrf.py                                     54     40     20      0  18.92%   86-92, 105-136, 159-190
app/middleware/rate_limit.py                               30     13     10      2  47.50%   44-56, 71-73, 85
app/middleware/rate_limit_decorators.py                    16     16      2      0   0.00%   11-68
app/middleware/request_size_limit.py                       31     23      6      0  21.62%   55-58, 76-114
app/middleware/security_headers.py                         35     26     12      0  19.15%   44-57, 71-77, 91-117
app/middleware/upload_rate_limit.py                       111     92     34      0  13.10%   60-75, 85-91, 100-105, 128-154, 178-214, 234-284
app/models.py                                             514      0      0      0 100.00%
app/pipeline_templates.py                                  74     60     34      0  12.96%   97, 102-103, 118, 145-185, 204-207, 211-230, 239-243
app/tasks/__init__.py                                       2      0      0      0 100.00%
app/tasks/automation_tasks.py                              13     13      2      0   0.00%   8-44
app/tasks/backup_tasks.py                                 362    362    120      0   0.00%   27-741
app/tasks/batch_tasks.py                                  264    264     40      0   0.00%   28-669
app/tasks/check_credentials.py                            140    140     30      0   0.00%   1-282
app/tasks/classify_document.py                             55     55      8      0   0.00%   12-174
app/tasks/compute_embedding.py                             64     64     10      0   0.00%   8-174
app/tasks/convert_to_pdf.py                               136    118     44      0  10.00%   29-40, 54-63, 78-101, 116-123, 140-354
app/tasks/convert_to_pdfa.py                              163    163     46      0   0.00%   26-454
app/tasks/embed_metadata_into_pdf.py                      145    124     30      0  12.00%   50-62, 80-330
app/tasks/extract_metadata_with_gpt.py                     69     52     18      0  19.54%   28-37, 50-192
app/tasks/finalize_document_storage.py                     77     63     20      0  14.43%   46-154
app/tasks/imap_tasks.py                                   323    323     94      0   0.00%   2-676
app/tasks/monitor_stalled_steps.py                         18     18      2      0   0.00%   8-51
app/tasks/process_document.py                             245    218     70      0   8.57%   45-113, 118-119, 129-152, 194-753
app/tasks/process_with_azure_document_intelligence.py      93     72     18      0  18.92%   24-29, 40-46, 61-81, 102-224
app/tasks/process_with_ocr.py                              95     81     24      0  11.76%   60-303
app/tasks/refine_text_with_gpt.py                          28     28      0      0   0.00%   3-68
app/tasks/retry_config.py                                  46     27     16      0  30.65%   46, 78-94, 150-164, 188-204
app/tasks/rotate_pdf_pages.py                              79     66     24      0  12.62%   27-49, 63-196
app/tasks/send_to_all.py                                  154    112     28      0  23.08%   31, 40, 49, 55-67, 71, 80, 86, 95, 105-106, 110, 119, 128, 132, 149-173, 191-343, 369-445, 454-455
app/tasks/subscription_tasks.py                            22     22      4      0   0.00%   6-50
app/tasks/translate_to_default_language.py                 44     44      8      0   0.00%   13-141
app/tasks/upload_to_dropbox.py                            112     95     26      0  12.32%   22-37, 44-63, 77-103, 115-214
app/tasks/upload_to_email.py                              174    148     38      0  12.26%   44-69, 83-115, 120-151, 156-164, 169-195, 222-328
app/tasks/upload_to_evernote.py                           161    135     44      0  12.68%   24-32, 36-38, 42-55, 60-71, 75-85, 89-94, 98-118, 122-127, 131-145, 149-194, 206-236
app/tasks/upload_to_ftp.py                                 88     78     18      0   9.43%   30-150
app/tasks/upload_to_google_drive.py                       127    106     32      0  13.21%   32-65, 73-98, 109-119, 129-152, 167-281
app/tasks/upload_to_icloud.py                              57     46     14      0  15.49%   62-78, 91-103, 116-177
app/tasks/upload_to_nextcloud.py                           79     67     20      0  12.12%   27-157
app/tasks/upload_to_onedrive.py                           134    118     34      0   9.52%   26-97, 103-143, 152-209, 221-278
app/tasks/upload_to_paperless.py                          191    168     56      0   9.31%   26, 34-37, 50-56, 69-72, 84-121, 137-153, 165-199, 211-370
app/tasks/upload_to_s3.py                                  57     46     12      0  15.94%   26-110
app/tasks/upload_to_sftp.py                                94     83     22      0   9.48%   26-158
app/tasks/upload_to_sharepoint.py                         161    144     46      0   8.21%   43-93, 112-153, 174-198, 214-259, 279-338
app/tasks/upload_to_user_integration.py                   496    496    124      0   0.00%   51-871
app/tasks/upload_to_webdav.py                              48     37     10      0  18.97%   26-95
app/tasks/upload_with_rclone.py                            98     98     24      0   0.00%   3-188
app/tasks/uptime_kuma_tasks.py                             19     19      2      0   0.00%   3-32
app/tasks/watch_folder_tasks.py                          1396   1396    382      0   0.00%   14-2304
app/tasks/webhook_tasks.py                                 61     45     12      0  21.92%   23-26, 41-69, 79-103, 128-165
app/utils/__init__.py                                       4      0      0      0 100.00%
app/utils/ai_provider.py                                  165    131     56      0  15.38%   47-64, 83-89, 135-137, 149-156, 163-165, 178-185, 197, 206-216, 228, 237-247, 267-269, 281-288, 301-303, 315-322, 360-368, 381-388, 405-406, 415-428, 445-491
app/utils/allowed_types.py                                 16      8      4      0  40.00%   288-295
app/utils/audit_service.py                                126    102     48      0  13.79%   62-84, 111, 151-164, 191-204, 222-223, 239-248, 253-285, 290-331
app/utils/automation_hooks.py                              45     31     12      0  24.56%   45, 148-168, 186-207
app/utils/cache.py                                         62     50     16      0  15.38%   38-50, 60-70, 79-85, 94-100, 109-122
app/utils/classification_rules.py                          92     51     28      1  35.00%   76, 224-227, 235-239, 247-257, 274-289, 319-354, 371
app/utils/compliance_service.py                           105     91     28      0  10.53%   229-250, 255-275, 280, 289-334, 348-389, 400-427
app/utils/config_loader.py                                 75     75     26      0   0.00%   10-151
app/utils/config_validator/__init__.py                      5      0      0      0 100.00%
app/utils/config_validator/masking.py                       4      3      2      0  16.67%   11-13
app/utils/config_validator/providers.py                    72     69     30      0   2.94%   13-428
app/utils/config_validator/settings_display.py             60     53     34      0   7.45%   18-60, 72-298
app/utils/config_validator/validators.py                  170    160    108      0   3.60%   14-36, 41-99, 104-214, 219-246, 251-289
app/utils/db_migrate.py                                   129    114     26      0   9.68%   45-49, 58-66, 79-103, 129-237, 247-259
app/utils/db_wizard.py                                     91     79     32      0   9.76%   51, 84-127, 140-156, 173-208, 226-238, 250-257
app/utils/dropbox_utils.py                                 10      7      2      0  25.00%   10-16
app/utils/encryption.py                                    56     45     12      0  16.18%   33-61, 74-91, 104-125, 138, 148
app/utils/env_utils.py                                     35     31     14      0   8.16%   18-54
app/utils/file_operations.py                               18     15      2      0  15.00%   10-28
app/utils/file_queries.py                                  31     25     14      0  13.33%   51-138
app/utils/file_splitting.py                                73     73     20      0   0.00%   8-167
app/utils/file_status.py                                   70     63     36      0   6.60%   26-46, 74-187, 203-232
app/utils/filename_utils.py                                87     73     28      0  12.17%   30-75, 102-126, 147-168, 179-209
app/utils/i18n.py                                         151    107     62      4  24.41%   143-159, 164, 183-203, 223-263, 281-300, 308-325, 334-339, 360->364, 365-369, 372->378, 736-740, 745-748, 753-758, 764-767
app/utils/imap.py                                          22     16      4      0  23.08%   17-34
app/utils/input_validation.py                              49     33     18      0  23.88%   46-53, 69-75, 94-104, 120-126, 145-151, 176-193
app/utils/local_auth.py                                    70     49     10      0  26.25%   29, 34-41, 46, 51-53, 68-92, 104-130, 142-168, 178-203, 215-217
app/utils/logging.py                                       62     44     22      0  21.43%   26-37, 41-43, 55-60, 89-143
app/utils/meilisearch_client.py                           132    121     42      0   6.32%   78, 83-102, 107-123, 129-147, 178-190, 202-215, 251-341
app/utils/migrate_logs_to_steps.py                        115    115     48      0   0.00%   8-323
app/utils/network.py                                       29     22      6      0  20.00%   14-35, 51-60
app/utils/notification.py                                 117    100     38      0  10.97%   18-32, 38-45, 70-118, 123-134, 141-151, 158-163, 168-173, 178-204, 220-235, 260-273, 291-302
app/utils/oauth_helper.py                                  40     33      6      0  15.22%   38-102
app/utils/ocr_language_manager.py                         119    119     40      0   0.00%   34-352
app/utils/ocr_provider.py                                 300    257     74      0  11.50%   85-157, 181-185, 280-281, 329-364, 398, 401-440, 473, 476-509, 546-609, 633-657, 675-729, 742-780, 818-841, 860-918
app/utils/pipeline_stages.py                               14      8      6      0  30.00%   25, 30-37
app/utils/push_notification.py                             48     48     12      0   0.00%   11-130
app/utils/routing_engine.py                               102     73     34      0  21.32%   97-106, 111-118, 123-128, 132-138, 142-149, 153-162, 171-184, 198-206, 243-278, 287-288, 297
app/utils/sentry.py                                        34     28      4      0  15.79%   44-105, 110-111
app/utils/session_manager.py                              222    196     78      1   9.00%   30-32, 43, 69-102, 118-148, 162-176, 198-239, 247-263, 275-284, 303-325, 334-349, 374-421, 437-453, 468-505
app/utils/settings_service.py                             183    164     60      0   7.82%   3337-3352, 3371-3423, 3438-3455, 3472-3507, 3520, 3540-3546, 3560-3594, 3612-3634, 3650-3675, 3701-3719, 3737-3754
app/utils/settings_sync.py                                 54     44      2      0  17.86%   51-93, 106-130
app/utils/setup_wizard.py                                  35     27     12      0  17.02%   22, 136-155, 165-185, 195-203
app/utils/similarity.py                                   118    118     30      0   0.00%   9-320
app/utils/step_manager.py                                 116     96     60      1  11.93%   41->43, 56-60, 72-86, 110-137, 160-171, 197-287, 322-400
app/utils/step_timeout.py                                  34     34      8      0   0.00%   8-111
app/utils/subscription.py                                 256    221     64      0  10.94%   187-195, 226-239, 244-255, 263-308, 317, 321-322, 326-331, 336, 341-343, 350-353, 365-368, 380-382, 393-394, 406-409, 433-487, 498-505, 510-520, 537-540, 556-592, 638-758, 781-796
app/utils/suggestion_providers.py                          53     53     12      0   0.00%   17-451
app/utils/system_reset.py                                 104    104     28      0   0.00%   13-296
app/utils/text_quality.py                                 118     84     16      0  25.37%   159-196, 230-372, 395-463
app/utils/user_notification.py                            119     97     28      0  14.97%   52-70, 85-115, 130-167, 190-245, 250, 261
app/utils/user_scope.py                                    66     52     28      0  14.89%   35, 63-96, 120-145, 170-194, 215-218
app/utils/webhook.py                                      157    129     44      0  13.93%   61, 65-70, 80-94, 104-144, 157-158, 167-170, 184-225, 238, 258-278, 294-320
app/views/__init__.py                                      68      0      0      0 100.00%
app/views/admin_users.py                                   23     13      4      0  37.04%   16-20, 27-41
app/views/api_tokens.py                                     9      1      0      0  88.89%   21
app/views/audit_logs.py                                    18      7      0      0  61.11%   29-43
app/views/backup.py                                        25     11      4      0  48.28%   25-54
app/views/base.py                                          99     77     30      0  17.05%   59-83, 88-161, 171-195
app/views/compliance.py                                    23     13      4      0  37.04%   16-20, 31-45
app/views/db_wizard.py                                     10      1      0      0  90.00%   23
app/views/devices.py                                        9      1      0      0  88.89%   22
app/views/dropbox.py                                       38     24     12      0  28.00%   25-27, 46-92, 117-128
app/views/filemanager.py                                  156    126     52      0  14.42%   38-43, 52-56, 64-73, 78-88, 100-132, 140-166, 173-209, 227-286, 318-330
app/views/files.py                                        498    442    162      0   8.48%   37-59, 87-238, 257-332, 341-422, 431-509, 518-569, 578-580, 585-608, 629-663, 691-838, 850-918, 932-946, 959-973, 986-1015, 1026-1055, 1064-1079, 1101-1171, 1197-1221
app/views/general.py                                      100     71     14      0  25.44%   30-127, 144, 151-152, 158, 165-167, 180-184, 191-220, 226-227, 233-234
app/views/google_drive.py                                  50     32     14      0  28.12%   33-90, 122-132, 141-160
app/views/help.py                                          21     11      4      0  40.00%   33-45
app/views/imap_accounts.py                                 46     30      6      0  30.77%   21-27, 32-36, 50-91
app/views/integrations.py                                  57     41     10      0  23.88%   26-32, 40-46, 53-113
app/views/license_routes.py                                15      6      2      0  52.94%   16-21, 29
app/views/notifications.py                                  9      1      0      0  88.89%   17
app/views/onboarding.py                                    27     12      4      0  48.39%   46-57, 72-85
app/views/onedrive.py                                      33     20     10      0  30.23%   31-76, 105-115
app/views/pipelines.py                                     13      5      0      0  61.54%   21-31
app/views/plans.py                                         14      2      0      0  85.71%   17, 24
app/views/profile.py                                       18      6      2      0  60.00%   26-33
app/views/qr_login.py                                      10      1      0      0  90.00%   23
app/views/queue.py                                         12      1      0      0  91.67%   27
app/views/scheduled_jobs.py                                23     13      4      0  37.04%   16-20, 27-41
app/views/search.py                                        10      1      0      0  90.00%   32
app/views/settings.py                                     172    140     42      0  14.95%   38-47, 63-124, 141-192, 208-532, 550-564
app/views/share.py                                         11      1      0      0  90.91%   25
app/views/shared_links.py                                   9      1      0      0  88.89%   21
app/views/status.py                                        57     44     10      0  19.40%   21-26, 35-93
app/views/subscriptions.py                                 35     23      2      0  32.43%   30-31, 45-72
app/views/system_reset.py                                  16      3      2      0  72.22%   31-34
app/views/webhooks.py                                       9      1      0      0  88.89%   16
app/views/wizard.py                                        92     73     24      0  16.38%   30-70, 89-133, 143-154, 166-174
----------------------------------------------------------------------------------------------------
TOTAL                                                   23249  17926   5882     30  18.40%
Coverage HTML written to dir htmlcov
=========================== short test summary info ============================
ERROR tests/test_process_document.py::test_process_document_stores_file_id_before_session_closes
========================= 2 warnings, 1 error in 3.44s =========================
